[luohuo-ws-server:0000:] 2026-02-18 04:24:13.587[ INFO] 4017 [] [main:3200] [com.alibaba.nacos.client.logging.NacosLogging.initLoggingAdapter:52] Nacos Logging Adapter Builder: com.alibaba.nacos.logger.adapter.logback12.LogbackNacosLoggingAdapterBuilder
[luohuo-ws-server:0000:] 2026-02-18 04:24:13.653[ INFO] 4017 [] [main:3266] [com.alibaba.nacos.client.logging.NacosLogging.initLoggingAdapter:52] Nacos Logging Adapter Builder: com.alibaba.nacos.logger.adapter.logback14.LogbackNacosLoggingAdapterBuilder
[luohuo-ws-server:0000:] 2026-02-18 04:24:13.655[ INFO] 4017 [] [main:3268] [com.alibaba.nacos.client.logging.NacosLogging.initLoggingAdapter:55] Nacos Logging Adapter: com.alibaba.nacos.logger.adapter.logback14.LogbackNacosLoggingAdapter match ch.qos.logback.classic.Logger success.
[luohuo-ws-server:0000:] 2026-02-18 04:24:13.701[ INFO] 4017 [] [main:3314] [com.alibaba.nacos.client.logging.NacosLogging.initLoggingAdapter:52] Nacos Logging Adapter Builder: com.alibaba.nacos.logger.adapter.log4j2.Log4j2NacosLoggingAdapterBuilder
[luohuo-ws-server:0000:] 2026-02-18 04:24:16.099[ INFO] 4017 [] [main:5712] [c.a.n.p.auth.spi.client.ClientAuthPluginManager.init:56] [ClientAuthPluginManager] Load ClientAuthService com.alibaba.nacos.client.auth.impl.NacosClientAuthServiceImpl success.
[luohuo-ws-server:0000:] 2026-02-18 04:24:16.100[ INFO] 4017 [] [main:5713] [c.a.n.p.auth.spi.client.ClientAuthPluginManager.init:56] [ClientAuthPluginManager] Load ClientAuthService com.alibaba.nacos.client.auth.ram.RamClientAuthServiceImpl success.
[luohuo-ws-server:0000:] 2026-02-18 04:24:19.197[ WARN] 4017 [] [main:8810] [c.a.cloud.nacos.client.NacosPropertySourceBuilder.loadNacosData:97] Ignore the empty nacos configuration and get it based on dataId[common.yml] & group[DEFAULT_GROUP]
[luohuo-ws-server:0000:] 2026-02-18 04:24:19.604[ WARN] 4017 [] [main:9217] [c.a.cloud.nacos.client.NacosPropertySourceBuilder.loadNacosData:97] Ignore the empty nacos configuration and get it based on dataId[redis.yml] & group[DEFAULT_GROUP]
[luohuo-ws-server:0000:] 2026-02-18 04:24:20.009[ WARN] 4017 [] [main:9622] [c.a.cloud.nacos.client.NacosPropertySourceBuilder.loadNacosData:97] Ignore the empty nacos configuration and get it based on dataId[rocketmq.yml] & group[DEFAULT_GROUP]
[luohuo-ws-server:0000:] 2026-02-18 04:24:20.413[ WARN] 4017 [] [main:10026] [c.a.cloud.nacos.client.NacosPropertySourceBuilder.loadNacosData:97] Ignore the empty nacos configuration and get it based on dataId[luohuo-ws-server] & group[DEFAULT_GROUP]
[luohuo-ws-server:0000:] 2026-02-18 04:24:20.818[ WARN] 4017 [] [main:10431] [c.a.cloud.nacos.client.NacosPropertySourceBuilder.loadNacosData:97] Ignore the empty nacos configuration and get it based on dataId[luohuo-ws-server.yml] & group[DEFAULT_GROUP]
[luohuo-ws-server:0000:] 2026-02-18 04:24:21.222[ WARN] 4017 [] [main:10835] [c.a.cloud.nacos.client.NacosPropertySourceBuilder.loadNacosData:97] Ignore the empty nacos configuration and get it based on dataId[luohuo-ws-server-dev.yml] & group[DEFAULT_GROUP]
[luohuo-ws-server:0000:] 2026-02-18 04:24:21.225[ INFO] 4017 [] [main:10838] [o.s.c.b.c.PropertySourceBootstrapConfiguration.doInitialize:134] Located property source: [BootstrapPropertySource {name='bootstrapProperties-luohuo-ws-server-dev.yml,DEFAULT_GROUP'}, BootstrapPropertySource {name='bootstrapProperties-luohuo-ws-server.yml,DEFAULT_GROUP'}, BootstrapPropertySource {name='bootstrapProperties-luohuo-ws-server,DEFAULT_GROUP'}, BootstrapPropertySource {name='bootstrapProperties-rocketmq.yml,DEFAULT_GROUP'}, BootstrapPropertySource {name='bootstrapProperties-redis.yml,DEFAULT_GROUP'}, BootstrapPropertySource {name='bootstrapProperties-common.yml,DEFAULT_GROUP'}]
[luohuo-ws-server:0000:] 2026-02-18 04:24:21.358[ INFO] 4017 [] [main:10971] [com.luohuo.flex.WsServerApplication.logStartupProfileInfo:658] The following 1 profile is active: "dev"
[luohuo-ws-server:0000:] 2026-02-18 04:24:23.578[ INFO] 4017 [] [main:13191] [o.s.b.factory.support.DefaultListableBeanFactory.logBeanDefinitionOverriding:1261] Overriding bean definition for bean 'nacosServiceManager' with a different definition: replacing [Root bean: class=null; scope=; abstract=false; lazyInit=null; autowireMode=3; dependencyCheck=0; autowireCandidate=true; primary=false; fallback=false; factoryBeanName=nacosConfig; factoryMethodName=nacosServiceManager; initMethodNames=null; destroyMethodNames=[(inferred)]; defined in class path resource [com/luohuo/flex/ws/config/NacosConfig.class]] with [Root bean: class=null; scope=; abstract=false; lazyInit=null; autowireMode=3; dependencyCheck=0; autowireCandidate=true; primary=false; fallback=false; factoryBeanName=com.alibaba.cloud.nacos.NacosServiceAutoConfiguration; factoryMethodName=nacosServiceManager; initMethodNames=null; destroyMethodNames=[(inferred)]; defined in class path resource [com/alibaba/cloud/nacos/NacosServiceAutoConfiguration.class]]
[luohuo-ws-server:0000:] 2026-02-18 04:24:23.971[ INFO] 4017 [] [main:13584] [o.s.d.r.config.RepositoryConfigurationDelegate.multipleStoresDetected:295] Multiple Spring Data modules found, entering strict repository configuration mode
[luohuo-ws-server:0000:] 2026-02-18 04:24:23.981[ INFO] 4017 [] [main:13594] [o.s.d.r.config.RepositoryConfigurationDelegate.registerRepositoriesIn:143] Bootstrapping Spring Data Redis repositories in DEFAULT mode.
[luohuo-ws-server:0000:] 2026-02-18 04:24:24.141[ INFO] 4017 [] [main:13754] [o.s.d.r.config.RepositoryConfigurationDelegate.registerRepositoriesIn:211] Finished Spring Data repository scanning in 117 ms. Found 0 Redis repository interfaces.
[luohuo-ws-server:0000:] 2026-02-18 04:24:24.698[ INFO] 4017 [] [main:14311] [o.springframework.cloud.context.scope.GenericScope.setSerializationId:282] BeanFactory id=3e30b9d7-d601-359a-a28a-db921783d3d6
[luohuo-ws-server:0000:] 2026-02-18 04:24:26.707[ WARN] 4017 [] [main:16320] [o.s.c.s.PostProcessorRegistrationDelegate$BeanPostProcessorChecker.postProcessAfterInitialization:429] Bean 'reactiveHeaderContextFilter' of type [com.luohuo.flex.ws.config.ReactiveHeaderContextFilter] is not eligible for getting processed by all BeanPostProcessors (for example: not eligible for auto-proxying). The currently created BeanPostProcessor [tenantRocketMQInitializer] is declared through a non-static factory method on that class; consider declaring it as static instead.
[luohuo-ws-server:0000:] 2026-02-18 04:24:26.801[ WARN] 4017 [] [main:16414] [o.s.b.w.r.c.AnnotationConfigReactiveWebServerApplicationContext.refresh:635] Exception encountered during context initialization - cancelling refresh attempt: org.springframework.context.ApplicationContextException: Unable to start reactive web server
[luohuo-ws-server:0000:] 2026-02-18 04:24:26.824[ INFO] 4017 [] [main:16437] [o.s.b.a.logging.ConditionEvaluationReportLogger.logMessage:82] 

Error starting ApplicationContext. To display the condition evaluation report re-run your application with 'debug' enabled.
[luohuo-ws-server:0000:] 2026-02-18 04:24:26.896[ERROR] 4017 [] [main:16509] [o.s.b.diagnostics.LoggingFailureAnalysisReporter.report:40] 

***************************
APPLICATION FAILED TO START
***************************

Description:

Parameter 0 of constructor in com.luohuo.flex.ws.websocket.processor.MessageHandlerChain required a bean of type 'org.apache.rocketmq.spring.core.RocketMQTemplate' that could not be found.


Action:

Consider defining a bean of type 'org.apache.rocketmq.spring.core.RocketMQTemplate' in your configuration.

[luohuo-ws-server:0000:] 2026-02-18 04:24:27.247[ INFO] 4017 [] [Thread-2:16860] [c.alibaba.nacos.common.executor.ThreadPoolManager.lambda$static$0:54] [ThreadPoolManager] Start destroying ThreadPool
[luohuo-ws-server:0000:] 2026-02-18 04:24:27.247[ INFO] 4017 [] [Thread-20:16860] [c.alibaba.nacos.common.http.HttpClientBeanHolder.shutdown:102] [HttpClientBeanHolder] Start destroying common HttpClient
[luohuo-ws-server:0000:] 2026-02-18 04:24:27.247[ INFO] 4017 [] [Thread-22:16860] [com.alibaba.nacos.common.notify.NotifyCenter.shutdown:134] [NotifyCenter] Start destroying Publisher
[luohuo-ws-server:0000:] 2026-02-18 04:24:27.248[ INFO] 4017 [] [Thread-22:16861] [com.alibaba.nacos.common.notify.NotifyCenter.shutdown:151] [NotifyCenter] Completed destruction of Publisher
[luohuo-ws-server:0000:] 2026-02-18 04:24:27.248[ INFO] 4017 [] [Thread-2:16861] [c.alibaba.nacos.common.executor.ThreadPoolManager.lambda$static$0:56] [ThreadPoolManager] Completed destruction of ThreadPool
[luohuo-ws-server:0000:] 2026-02-18 04:24:27.249[ INFO] 4017 [] [Thread-20:16862] [c.alibaba.nacos.common.http.HttpClientBeanHolder.shutdown:111] [HttpClientBeanHolder] Completed destruction of HttpClient
[luohuo-ws-server:0000:] 2026-02-18 05:12:09.180[ INFO] 19262 [] [main:1748] [com.alibaba.nacos.client.logging.NacosLogging.initLoggingAdapter:52] Nacos Logging Adapter Builder: com.alibaba.nacos.logger.adapter.logback12.LogbackNacosLoggingAdapterBuilder
[luohuo-ws-server:0000:] 2026-02-18 05:12:09.196[ INFO] 19262 [] [main:1764] [com.alibaba.nacos.client.logging.NacosLogging.initLoggingAdapter:52] Nacos Logging Adapter Builder: com.alibaba.nacos.logger.adapter.logback14.LogbackNacosLoggingAdapterBuilder
[luohuo-ws-server:0000:] 2026-02-18 05:12:09.198[ INFO] 19262 [] [main:1766] [com.alibaba.nacos.client.logging.NacosLogging.initLoggingAdapter:55] Nacos Logging Adapter: com.alibaba.nacos.logger.adapter.logback14.LogbackNacosLoggingAdapter match ch.qos.logback.classic.Logger success.
[luohuo-ws-server:0000:] 2026-02-18 05:12:09.219[ INFO] 19262 [] [main:1787] [com.alibaba.nacos.client.logging.NacosLogging.initLoggingAdapter:52] Nacos Logging Adapter Builder: com.alibaba.nacos.logger.adapter.log4j2.Log4j2NacosLoggingAdapterBuilder
[luohuo-ws-server:0000:] 2026-02-18 05:12:10.399[ INFO] 19262 [] [main:2967] [c.a.n.p.auth.spi.client.ClientAuthPluginManager.init:56] [ClientAuthPluginManager] Load ClientAuthService com.alibaba.nacos.client.auth.impl.NacosClientAuthServiceImpl success.
[luohuo-ws-server:0000:] 2026-02-18 05:12:10.399[ INFO] 19262 [] [main:2967] [c.a.n.p.auth.spi.client.ClientAuthPluginManager.init:56] [ClientAuthPluginManager] Load ClientAuthService com.alibaba.nacos.client.auth.ram.RamClientAuthServiceImpl success.
[luohuo-ws-server:0000:] 2026-02-18 05:12:11.970[ INFO] 19262 [] [main:4538] [c.a.n.common.ability.AbstractAbilityControlManager.initAbilityTable:61] Ready to get current node abilities...
[luohuo-ws-server:0000:] 2026-02-18 05:12:11.974[ INFO] 19262 [] [main:4542] [c.a.n.common.ability.AbstractAbilityControlManager.initAbilityTable:89] Ready to initialize current node abilities, support modes: [SDK_CLIENT]
[luohuo-ws-server:0000:] 2026-02-18 05:12:11.976[ INFO] 19262 [] [main:4544] [c.a.n.common.ability.AbstractAbilityControlManager.initAbilityTable:94] Initialize current abilities finish...
[luohuo-ws-server:0000:] 2026-02-18 05:12:11.976[ INFO] 19262 [] [main:4544] [c.a.n.c.ability.discover.NacosAbilityManagerHolder.initAbilityControlManager:85] [AbilityControlManager] Successfully initialize AbilityControlManager
[luohuo-ws-server:0000:] 2026-02-18 05:12:12.180[ WARN] 19262 [] [main:4748] [c.a.cloud.nacos.client.NacosPropertySourceBuilder.loadNacosData:97] Ignore the empty nacos configuration and get it based on dataId[luohuo-ws-server] & group[DEFAULT_GROUP]
[luohuo-ws-server:0000:] 2026-02-18 05:12:12.198[ WARN] 19262 [] [main:4766] [c.a.cloud.nacos.client.NacosPropertySourceBuilder.loadNacosData:97] Ignore the empty nacos configuration and get it based on dataId[luohuo-ws-server-dev.yml] & group[DEFAULT_GROUP]
[luohuo-ws-server:0000:] 2026-02-18 05:12:12.199[ INFO] 19262 [] [main:4767] [o.s.c.b.c.PropertySourceBootstrapConfiguration.doInitialize:134] Located property source: [BootstrapPropertySource {name='bootstrapProperties-luohuo-ws-server-dev.yml,DEFAULT_GROUP'}, BootstrapPropertySource {name='bootstrapProperties-luohuo-ws-server.yml,DEFAULT_GROUP'}, BootstrapPropertySource {name='bootstrapProperties-luohuo-ws-server,DEFAULT_GROUP'}, BootstrapPropertySource {name='bootstrapProperties-rocketmq.yml,DEFAULT_GROUP'}, BootstrapPropertySource {name='bootstrapProperties-redis.yml,DEFAULT_GROUP'}, BootstrapPropertySource {name='bootstrapProperties-common.yml,DEFAULT_GROUP'}]
[luohuo-ws-server:19778:] 2026-02-18 05:12:12.283[ INFO] 19262 [] [main:4851] [com.luohuo.flex.WsServerApplication.logStartupProfileInfo:658] The following 1 profile is active: "dev"
[luohuo-ws-server:19778:] 2026-02-18 05:12:13.238[ INFO] 19262 [] [main:5806] [o.s.b.factory.support.DefaultListableBeanFactory.logBeanDefinitionOverriding:1261] Overriding bean definition for bean 'nacosServiceManager' with a different definition: replacing [Root bean: class=null; scope=; abstract=false; lazyInit=null; autowireMode=3; dependencyCheck=0; autowireCandidate=true; primary=false; fallback=false; factoryBeanName=nacosConfig; factoryMethodName=nacosServiceManager; initMethodNames=null; destroyMethodNames=[(inferred)]; defined in class path resource [com/luohuo/flex/ws/config/NacosConfig.class]] with [Root bean: class=null; scope=; abstract=false; lazyInit=null; autowireMode=3; dependencyCheck=0; autowireCandidate=true; primary=false; fallback=false; factoryBeanName=com.alibaba.cloud.nacos.NacosServiceAutoConfiguration; factoryMethodName=nacosServiceManager; initMethodNames=null; destroyMethodNames=[(inferred)]; defined in class path resource [com/alibaba/cloud/nacos/NacosServiceAutoConfiguration.class]]
[luohuo-ws-server:19778:] 2026-02-18 05:12:13.415[ INFO] 19262 [] [main:5983] [o.s.d.r.config.RepositoryConfigurationDelegate.multipleStoresDetected:295] Multiple Spring Data modules found, entering strict repository configuration mode
[luohuo-ws-server:19778:] 2026-02-18 05:12:13.420[ INFO] 19262 [] [main:5988] [o.s.d.r.config.RepositoryConfigurationDelegate.registerRepositoriesIn:143] Bootstrapping Spring Data Redis repositories in DEFAULT mode.
[luohuo-ws-server:19778:] 2026-02-18 05:12:13.479[ INFO] 19262 [] [main:6047] [o.s.d.r.config.RepositoryConfigurationDelegate.registerRepositoriesIn:211] Finished Spring Data repository scanning in 34 ms. Found 0 Redis repository interfaces.
[luohuo-ws-server:19778:] 2026-02-18 05:12:13.875[ INFO] 19262 [] [main:6443] [o.springframework.cloud.context.scope.GenericScope.setSerializationId:282] BeanFactory id=c7f2b166-c011-3746-af86-70251d380831
[luohuo-ws-server:19778:] 2026-02-18 05:12:14.905[ WARN] 19262 [] [main:7473] [o.s.c.s.PostProcessorRegistrationDelegate$BeanPostProcessorChecker.postProcessAfterInitialization:429] Bean 'reactiveHeaderContextFilter' of type [com.luohuo.flex.ws.config.ReactiveHeaderContextFilter] is not eligible for getting processed by all BeanPostProcessors (for example: not eligible for auto-proxying). The currently created BeanPostProcessor [tenantRocketMQInitializer] is declared through a non-static factory method on that class; consider declaring it as static instead.
[luohuo-ws-server:19778:] 2026-02-18 05:12:14.922[ WARN] 19262 [] [main:7490] [o.s.c.s.PostProcessorRegistrationDelegate$BeanPostProcessorChecker.postProcessAfterInitialization:437] Bean 'org.apache.rocketmq.spring.autoconfigure.ListenerContainerConfiguration' of type [org.apache.rocketmq.spring.autoconfigure.ListenerContainerConfiguration$$SpringCGLIB$$0] is not eligible for getting processed by all BeanPostProcessors (for example: not eligible for auto-proxying). Is this bean getting eagerly injected/applied to a currently created BeanPostProcessor [org.apache.rocketmq.spring.annotation.RocketMQMessageListenerBeanPostProcessor]? Check the corresponding BeanPostProcessor declaration and its dependencies/advisors. If this bean does not have to be post-processed, declare it with ROLE_INFRASTRUCTURE.
[luohuo-ws-server:19778:] 2026-02-18 05:12:14.927[ WARN] 19262 [] [main:7495] [o.s.c.s.PostProcessorRegistrationDelegate$BeanPostProcessorChecker.postProcessAfterInitialization:437] Bean 'org.apache.rocketmq.spring.autoconfigure.MessageConverterConfiguration' of type [org.apache.rocketmq.spring.autoconfigure.MessageConverterConfiguration$$SpringCGLIB$$0] is not eligible for getting processed by all BeanPostProcessors (for example: not eligible for auto-proxying). Is this bean getting eagerly injected/applied to a currently created BeanPostProcessor [org.apache.rocketmq.spring.annotation.RocketMQMessageListenerBeanPostProcessor]? Check the corresponding BeanPostProcessor declaration and its dependencies/advisors. If this bean does not have to be post-processed, declare it with ROLE_INFRASTRUCTURE.
[luohuo-ws-server:19778:] 2026-02-18 05:12:15.063[ WARN] 19262 [] [main:7631] [o.s.c.s.PostProcessorRegistrationDelegate$BeanPostProcessorChecker.postProcessAfterInitialization:437] Bean 'createRocketMQMessageConverter' of type [org.apache.rocketmq.spring.support.RocketMQMessageConverter] is not eligible for getting processed by all BeanPostProcessors (for example: not eligible for auto-proxying). Is this bean getting eagerly injected/applied to a currently created BeanPostProcessor [org.apache.rocketmq.spring.annotation.RocketMQMessageListenerBeanPostProcessor]? Check the corresponding BeanPostProcessor declaration and its dependencies/advisors. If this bean does not have to be post-processed, declare it with ROLE_INFRASTRUCTURE.
[luohuo-ws-server:19778:] 2026-02-18 05:12:15.070[ WARN] 19262 [] [main:7638] [o.s.c.s.PostProcessorRegistrationDelegate$BeanPostProcessorChecker.postProcessAfterInitialization:437] Bean 'org.springframework.cloud.commons.config.CommonsConfigAutoConfiguration' of type [org.springframework.cloud.commons.config.CommonsConfigAutoConfiguration] is not eligible for getting processed by all BeanPostProcessors (for example: not eligible for auto-proxying). Is this bean getting eagerly injected/applied to a currently created BeanPostProcessor [org.apache.rocketmq.spring.annotation.RocketMQMessageListenerBeanPostProcessor]? Check the corresponding BeanPostProcessor declaration and its dependencies/advisors. If this bean does not have to be post-processed, declare it with ROLE_INFRASTRUCTURE.
[luohuo-ws-server:19778:] 2026-02-18 05:12:15.074[ WARN] 19262 [] [main:7642] [o.s.c.s.PostProcessorRegistrationDelegate$BeanPostProcessorChecker.postProcessAfterInitialization:437] Bean 'org.springframework.cloud.client.loadbalancer.LoadBalancerDefaultMappingsProviderAutoConfiguration' of type [org.springframework.cloud.client.loadbalancer.LoadBalancerDefaultMappingsProviderAutoConfiguration] is not eligible for getting processed by all BeanPostProcessors (for example: not eligible for auto-proxying). Is this bean getting eagerly injected/applied to a currently created BeanPostProcessor [org.apache.rocketmq.spring.annotation.RocketMQMessageListenerBeanPostProcessor]? Check the corresponding BeanPostProcessor declaration and its dependencies/advisors. If this bean does not have to be post-processed, declare it with ROLE_INFRASTRUCTURE.
[luohuo-ws-server:19778:] 2026-02-18 05:12:15.077[ WARN] 19262 [] [main:7645] [o.s.c.s.PostProcessorRegistrationDelegate$BeanPostProcessorChecker.postProcessAfterInitialization:437] Bean 'loadBalancerClientsDefaultsMappingsProvider' of type [org.springframework.cloud.client.loadbalancer.LoadBalancerDefaultMappingsProviderAutoConfiguration$$Lambda/0x00007d68a36fe598] is not eligible for getting processed by all BeanPostProcessors (for example: not eligible for auto-proxying). Is this bean getting eagerly injected/applied to a currently created BeanPostProcessor [org.apache.rocketmq.spring.annotation.RocketMQMessageListenerBeanPostProcessor]? Check the corresponding BeanPostProcessor declaration and its dependencies/advisors. If this bean does not have to be post-processed, declare it with ROLE_INFRASTRUCTURE.
[luohuo-ws-server:19778:] 2026-02-18 05:12:15.087[ WARN] 19262 [] [main:7655] [o.s.c.s.PostProcessorRegistrationDelegate$BeanPostProcessorChecker.postProcessAfterInitialization:437] Bean 'defaultsBindHandlerAdvisor' of type [org.springframework.cloud.commons.config.DefaultsBindHandlerAdvisor] is not eligible for getting processed by all BeanPostProcessors (for example: not eligible for auto-proxying). Is this bean getting eagerly injected/applied to a currently created BeanPostProcessor [org.apache.rocketmq.spring.annotation.RocketMQMessageListenerBeanPostProcessor]? Check the corresponding BeanPostProcessor declaration and its dependencies/advisors. If this bean does not have to be post-processed, declare it with ROLE_INFRASTRUCTURE.
[luohuo-ws-server:19778:] 2026-02-18 05:12:15.106[ WARN] 19262 [] [main:7674] [o.s.c.s.PostProcessorRegistrationDelegate$BeanPostProcessorChecker.postProcessAfterInitialization:437] Bean 'rocketmq-org.apache.rocketmq.spring.autoconfigure.RocketMQProperties' of type [org.apache.rocketmq.spring.autoconfigure.RocketMQProperties] is not eligible for getting processed by all BeanPostProcessors (for example: not eligible for auto-proxying). Is this bean getting eagerly injected/applied to a currently created BeanPostProcessor [org.apache.rocketmq.spring.annotation.RocketMQMessageListenerBeanPostProcessor]? Check the corresponding BeanPostProcessor declaration and its dependencies/advisors. If this bean does not have to be post-processed, declare it with ROLE_INFRASTRUCTURE.
[luohuo-ws-server:19778:] 2026-02-18 05:12:15.114[ WARN] 19262 [] [main:7682] [o.s.c.s.PostProcessorRegistrationDelegate$BeanPostProcessorChecker.postProcessAfterInitialization:437] Bean 'rocketMQMessageListenerContainerRegistrar' of type [org.apache.rocketmq.spring.support.RocketMQMessageListenerContainerRegistrar] is not eligible for getting processed by all BeanPostProcessors (for example: not eligible for auto-proxying). Is this bean getting eagerly injected/applied to a currently created BeanPostProcessor [org.apache.rocketmq.spring.annotation.RocketMQMessageListenerBeanPostProcessor]? Check the corresponding BeanPostProcessor declaration and its dependencies/advisors. If this bean does not have to be post-processed, declare it with ROLE_INFRASTRUCTURE.
[luohuo-ws-server:19778:] 2026-02-18 05:12:15.461[ INFO] 19262 [] [main:8029] [o.a.r.s.autoconfigure.RocketMQAutoConfiguration.defaultMQProducer:122] a producer (chatGroup) init on namesrv 172.26.128.42:9876
[luohuo-ws-server:19778:] 2026-02-18 05:12:16.065[ INFO] 19262 [] [main:8633] [org.redisson.Version.logVersion:43] Redisson 3.50.0
[luohuo-ws-server:19778:] 2026-02-18 05:12:16.636[ INFO] 19262 [] [redisson-netty-2-6:9204] [org.redisson.connection.ConnectionsHolder.lambda$initConnections$1:132] 1 connections initialized for 10.38.11.101/10.38.11.101:30225
[luohuo-ws-server:19778:] 2026-02-18 05:12:21.422[ INFO] 19262 [] [redisson-netty-2-19:13990] [org.redisson.connection.ConnectionsHolder.lambda$initConnections$1:132] 24 connections initialized for 10.38.11.101/10.38.11.101:30225
[luohuo-ws-server:19778:] 2026-02-18 05:12:22.018[ INFO] 19262 [] [main:14586] [c.a.n.p.auth.spi.client.ClientAuthPluginManager.init:56] [ClientAuthPluginManager] Load ClientAuthService com.alibaba.nacos.client.auth.impl.NacosClientAuthServiceImpl success.
[luohuo-ws-server:19778:] 2026-02-18 05:12:22.019[ INFO] 19262 [] [main:14587] [c.a.n.p.auth.spi.client.ClientAuthPluginManager.init:56] [ClientAuthPluginManager] Load ClientAuthService com.alibaba.nacos.client.auth.ram.RamClientAuthServiceImpl success.
[luohuo-ws-server:19778:] 2026-02-18 05:12:22.279[ INFO] 19262 [] [main:14847] [c.l.flex.ws.websocket.nacos.NacosSessionRegistry.<init>:82] 节点IP: 192.168.1.37
[luohuo-ws-server:19778:] 2026-02-18 05:12:22.315[ INFO] 19262 [] [main:14883] [c.l.flex.ws.websocket.nacos.NacosSessionRegistry.registerNodeInstance:123] 节点注册成功: ws2af3be
[luohuo-ws-server:19778:] 2026-02-18 05:12:23.597[ INFO] 19262 [] [main:16165] [o.a.r.s.support.DefaultRocketMQListenerContainer.start:349] running container: DefaultRocketMQListenerContainer{consumerGroup='ai_node_request_topic_group', namespace='', nameServer='172.26.128.42:9876', topic='ai_node_request_topic', consumeMode=CONCURRENTLY, selectorType=TAG, selectorExpression='*', messageModel=CLUSTERING', tlsEnable=false, instanceName=DEFAULT}
[luohuo-ws-server:19778:] 2026-02-18 05:12:23.598[ INFO] 19262 [] [main:16166] [o.a.r.s.s.RocketMQMessageListenerContainerRegistrar.registerContainer:109] Register the listener to container, listenerBeanName:aiNodeRequestConsumer, containerBeanName:org.apache.rocketmq.spring.support.DefaultRocketMQListenerContainer_1
[luohuo-ws-server:19778:] 2026-02-18 05:12:24.179[ INFO] 19262 [] [main:16747] [o.a.r.s.support.DefaultRocketMQListenerContainer.start:349] running container: DefaultRocketMQListenerContainer{consumerGroup='user_login_send_msg_group', namespace='', nameServer='172.26.128.42:9876', topic='user_login_send_msg', consumeMode=CONCURRENTLY, selectorType=TAG, selectorExpression='*', messageModel=BROADCASTING', tlsEnable=false, instanceName=DEFAULT}
[luohuo-ws-server:19778:] 2026-02-18 05:12:24.179[ INFO] 19262 [] [main:16747] [o.a.r.s.s.RocketMQMessageListenerContainerRegistrar.registerContainer:109] Register the listener to container, listenerBeanName:msgLoginConsumer, containerBeanName:org.apache.rocketmq.spring.support.DefaultRocketMQListenerContainer_2
[luohuo-ws-server:19778:] 2026-02-18 05:12:25.051[ INFO] 19262 [] [main:17619] [o.a.r.s.support.DefaultRocketMQListenerContainer.start:349] running container: DefaultRocketMQListenerContainer{consumerGroup='websocket_push_groupws2af3be', namespace='', nameServer='172.26.128.42:9876', topic='websocket_pushws2af3be', consumeMode=CONCURRENTLY, selectorType=TAG, selectorExpression='*', messageModel=CLUSTERING', tlsEnable=false, instanceName=DEFAULT}
[luohuo-ws-server:19778:] 2026-02-18 05:12:25.052[ INFO] 19262 [] [main:17620] [o.a.r.s.s.RocketMQMessageListenerContainerRegistrar.registerContainer:109] Register the listener to container, listenerBeanName:pushConsumer, containerBeanName:org.apache.rocketmq.spring.support.DefaultRocketMQListenerContainer_3
[luohuo-ws-server:19778:] 2026-02-18 05:12:25.191[ INFO] 19262 [] [main:17759] [o.a.r.s.support.DefaultRocketMQListenerContainer.start:349] running container: DefaultRocketMQListenerContainer{consumerGroup='user_scan_send_msg_group', namespace='', nameServer='172.26.128.42:9876', topic='user_scan_send_msg', consumeMode=CONCURRENTLY, selectorType=TAG, selectorExpression='*', messageModel=BROADCASTING', tlsEnable=false, instanceName=DEFAULT}
[luohuo-ws-server:19778:] 2026-02-18 05:12:25.192[ INFO] 19262 [] [main:17760] [o.a.r.s.s.RocketMQMessageListenerContainerRegistrar.registerContainer:109] Register the listener to container, listenerBeanName:scanSuccessConsumer, containerBeanName:org.apache.rocketmq.spring.support.DefaultRocketMQListenerContainer_4
[luohuo-ws-server:19778:] 2026-02-18 05:12:26.169[ INFO] 19262 [] [main:18737] [o.a.r.s.support.DefaultRocketMQListenerContainer.start:349] running container: DefaultRocketMQListenerContainer{consumerGroup='websocket_push_group', namespace='', nameServer='172.26.128.42:9876', topic='websocket_push', consumeMode=CONCURRENTLY, selectorType=TAG, selectorExpression='*', messageModel=CLUSTERING', tlsEnable=false, instanceName=DEFAULT}
[luohuo-ws-server:19778:] 2026-02-18 05:12:26.169[ INFO] 19262 [] [main:18737] [o.a.r.s.s.RocketMQMessageListenerContainerRegistrar.registerContainer:109] Register the listener to container, listenerBeanName:messageRouterService, containerBeanName:org.apache.rocketmq.spring.support.DefaultRocketMQListenerContainer_5
[luohuo-ws-server:19778:] 2026-02-18 05:12:26.204[ INFO] 19262 [] [main:18772] [c.l.flex.common.config.CommonAutoConfiguration.init:43] 检查到配置文件中：luohuo.system.cachePrefix=luohuo
[luohuo-ws-server:19778:] 2026-02-18 05:12:26.216[ INFO] 19262 [] [main:18784] [c.l.b.m.r.c.EarthRedisMQConsumerAutoConfiguration.lambda$redisMessageListenerContainer$0:57] [redisMessageListenerContainer][注册 Channel(ws-node-down) 对应的监听器(com.luohuo.flex.ws.websocket.nacos.listener.NodeDownMessageListener)]
[luohuo-ws-server:19778:] 2026-02-18 05:12:26.988[ WARN] 19262 [] [main:19556] [com.luohuo.basic.cache.RedisAutoConfigure.cacheOps:118] 检查到缓存采用了 Redis模式
[luohuo-ws-server:19778:] 2026-02-18 05:12:27.441[ WARN] 19262 [] [main:20009] [o.s.b.a.freemarker.FreeMarkerAutoConfiguration.checkTemplateLocationExists:66] Cannot find template location: [classpath:/templates/] (please add some templates, check your FreeMarker configuration, or set spring.freemarker.check-template-location=false)
[luohuo-ws-server:19778:] 2026-02-18 05:12:27.864[ INFO] 19262 [] [main:20432] [o.s.boot.web.embedded.netty.NettyWebServer.start:126] Netty started on port 19778 (http)
[luohuo-ws-server:19778:] 2026-02-18 05:12:27.874[ INFO] 19262 [] [main:20442] [c.a.cloud.nacos.registry.NacosServiceRegistry.register:76] nacos registry, DEFAULT_GROUP luohuo-ws-server 192.168.1.37:19778 register finished
[luohuo-ws-server:19778:] 2026-02-18 05:12:27.988[ INFO] 19262 [] [main:20556] [com.luohuo.flex.WsServerApplication.logStarted:59] Started WsServerApplication in 20.193 seconds (process running for 21.126)
[luohuo-ws-server:19778:] 2026-02-18 05:12:28.013[ INFO] 19262 [] [main:20581] [c.a.cloud.nacos.refresh.NacosContextRefresher.registerNacosListener:140] [Nacos Config] Listening config: dataId=luohuo-ws-server.yml, group=DEFAULT_GROUP
[luohuo-ws-server:19778:] 2026-02-18 05:12:28.014[ INFO] 19262 [] [main:20582] [c.a.cloud.nacos.refresh.NacosContextRefresher.registerNacosListener:140] [Nacos Config] Listening config: dataId=rocketmq.yml, group=DEFAULT_GROUP
[luohuo-ws-server:19778:] 2026-02-18 05:12:28.015[ INFO] 19262 [] [main:20583] [c.a.cloud.nacos.refresh.NacosContextRefresher.registerNacosListener:140] [Nacos Config] Listening config: dataId=luohuo-ws-server, group=DEFAULT_GROUP
[luohuo-ws-server:19778:] 2026-02-18 05:12:28.017[ INFO] 19262 [] [main:20585] [c.a.cloud.nacos.refresh.NacosContextRefresher.registerNacosListener:140] [Nacos Config] Listening config: dataId=common.yml, group=DEFAULT_GROUP
[luohuo-ws-server:19778:] 2026-02-18 05:12:28.018[ INFO] 19262 [] [main:20586] [c.a.cloud.nacos.refresh.NacosContextRefresher.registerNacosListener:140] [Nacos Config] Listening config: dataId=luohuo-ws-server-dev.yml, group=DEFAULT_GROUP
[luohuo-ws-server:19778:] 2026-02-18 05:12:28.020[ INFO] 19262 [] [main:20588] [com.luohuo.flex.WsServerApplication.main:45] 
----------------------------------------------------------
应用 'luohuo-ws-server' 启动成功， JDK版本号：21.0.7 ！
knife4j文档（支持gateway服务聚合文档）: http://172.18.0.4:19778/doc.html
swagger原始文档（不支持gateway服务聚合文档）：http://172.18.0.4:19778/swagger-ui.html
数据库监控（可用于排查数据源是否链接成功）:   http://127.0.0.1:19778/druid
当前环境变量：dev 日志路径：./logs
----------------------------------------------------------

[luohuo-ws-server:19778:] 2026-02-18 05:13:10.713[ INFO] 19262 [] [reactor-http-epoll-2:63281] [c.l.flex.ws.config.ReactiveHeaderContextFilter.filter:37] ReactiveHeaderContextFilter url=/actuator/health, method=GET
[luohuo-ws-server:19778:] 2026-02-18 05:14:47.611[ INFO] 19262 [] [reactor-http-epoll-3:160179] [c.l.flex.ws.config.ReactiveHeaderContextFilter.filter:37] ReactiveHeaderContextFilter url=/ws/ai-node, method=GET
[luohuo-ws-server:19778:] 2026-02-18 05:14:47.650[ WARN] 19262 [] [reactor-http-epoll-3:160218] [c.luohuo.flex.ws.websocket.ai.AiNodeTokenVerifier.verify:24] [AI-LINK] event=ai_token_invalid, reason=blank_token
[luohuo-ws-server:19778:] 2026-02-18 05:33:53.412[ERROR] 19262 [] [room-timeout-1:1305980] [c.l.flex.ws.websocket.nacos.NacosSessionRegistry.updateNodeMetrics:212] 心跳更新失败

com.alibaba.nacos.api.exception.NacosException: Client not connected, current status:UNHEALTHY
	at com.alibaba.nacos.common.remote.client.RpcClient.request(RpcClient.java:645) ~[nacos-client-2.5.1.jar!/:na]
	at com.alibaba.nacos.common.remote.client.RpcClient.request(RpcClient.java:624) ~[nacos-client-2.5.1.jar!/:na]
	at com.alibaba.nacos.client.naming.remote.gprc.NamingGrpcClientProxy.requestToServer(NamingGrpcClientProxy.java:449) ~[nacos-client-2.5.1.jar!/:na]
	at com.alibaba.nacos.client.naming.remote.gprc.NamingGrpcClientProxy.doRegisterService(NamingGrpcClientProxy.java:252) ~[nacos-client-2.5.1.jar!/:na]
	at com.alibaba.nacos.client.naming.remote.gprc.NamingGrpcClientProxy.registerServiceForEphemeral(NamingGrpcClientProxy.java:147) ~[nacos-client-2.5.1.jar!/:na]
	at com.alibaba.nacos.client.naming.remote.gprc.NamingGrpcClientProxy.registerService(NamingGrpcClientProxy.java:138) ~[nacos-client-2.5.1.jar!/:na]
	at com.alibaba.nacos.client.naming.remote.NamingClientProxyDelegate.registerService(NamingClientProxyDelegate.java:96) ~[nacos-client-2.5.1.jar!/:na]
	at com.alibaba.nacos.client.naming.NacosNamingService.registerInstance(NacosNamingService.java:161) ~[nacos-client-2.5.1.jar!/:na]
	at com.luohuo.flex.ws.websocket.nacos.NacosSessionRegistry.updateNodeMetrics(NacosSessionRegistry.java:210) ~[luohuo-ws-biz-3.0.6.jar!/:3.0.6]
	at java.base/jdk.internal.reflect.DirectMethodHandleAccessor.invoke(DirectMethodHandleAccessor.java:103) ~[na:na]
	at java.base/java.lang.reflect.Method.invoke(Method.java:580) ~[na:na]
	at org.springframework.scheduling.support.ScheduledMethodRunnable.runInternal(ScheduledMethodRunnable.java:130) ~[spring-context-6.2.5.jar!/:6.2.5]
	at org.springframework.scheduling.support.ScheduledMethodRunnable.lambda$run$2(ScheduledMethodRunnable.java:124) ~[spring-context-6.2.5.jar!/:6.2.5]
	at io.micrometer.observation.Observation.observe(Observation.java:498) ~[micrometer-observation-1.14.3.jar!/:1.14.3]
	at org.springframework.scheduling.support.ScheduledMethodRunnable.run(ScheduledMethodRunnable.java:124) ~[spring-context-6.2.5.jar!/:6.2.5]
	at org.springframework.scheduling.config.Task$OutcomeTrackingRunnable.run(Task.java:85) ~[spring-context-6.2.5.jar!/:6.2.5]
	at org.springframework.scheduling.support.DelegatingErrorHandlingRunnable.run(DelegatingErrorHandlingRunnable.java:54) ~[spring-context-6.2.5.jar!/:6.2.5]
	at java.base/java.util.concurrent.Executors$RunnableAdapter.call(Executors.java:572) ~[na:na]
	at java.base/java.util.concurrent.FutureTask.runAndReset(FutureTask.java:358) ~[na:na]
	at java.base/java.util.concurrent.ScheduledThreadPoolExecutor$ScheduledFutureTask.run(ScheduledThreadPoolExecutor.java:305) ~[na:na]
	at java.base/java.util.concurrent.ThreadPoolExecutor.runWorker(ThreadPoolExecutor.java:1144) ~[na:na]
	at java.base/java.util.concurrent.ThreadPoolExecutor$Worker.run(ThreadPoolExecutor.java:642) ~[na:na]
	at java.base/java.lang.Thread.run(Thread.java:1583) ~[na:na]

[luohuo-ws-server:19778:] 2026-02-18 05:33:58.384[ERROR] 19262 [] [room-timeout-1:1310952] [c.l.flex.ws.websocket.nacos.NacosSessionRegistry.updateNodeMetrics:212] 心跳更新失败

com.alibaba.nacos.api.exception.NacosException: Client not connected, current status:UNHEALTHY
	at com.alibaba.nacos.common.remote.client.RpcClient.request(RpcClient.java:645) ~[nacos-client-2.5.1.jar!/:na]
	at com.alibaba.nacos.common.remote.client.RpcClient.request(RpcClient.java:624) ~[nacos-client-2.5.1.jar!/:na]
	at com.alibaba.nacos.client.naming.remote.gprc.NamingGrpcClientProxy.requestToServer(NamingGrpcClientProxy.java:449) ~[nacos-client-2.5.1.jar!/:na]
	at com.alibaba.nacos.client.naming.remote.gprc.NamingGrpcClientProxy.doRegisterService(NamingGrpcClientProxy.java:252) ~[nacos-client-2.5.1.jar!/:na]
	at com.alibaba.nacos.client.naming.remote.gprc.NamingGrpcClientProxy.registerServiceForEphemeral(NamingGrpcClientProxy.java:147) ~[nacos-client-2.5.1.jar!/:na]
	at com.alibaba.nacos.client.naming.remote.gprc.NamingGrpcClientProxy.registerService(NamingGrpcClientProxy.java:138) ~[nacos-client-2.5.1.jar!/:na]
	at com.alibaba.nacos.client.naming.remote.NamingClientProxyDelegate.registerService(NamingClientProxyDelegate.java:96) ~[nacos-client-2.5.1.jar!/:na]
	at com.alibaba.nacos.client.naming.NacosNamingService.registerInstance(NacosNamingService.java:161) ~[nacos-client-2.5.1.jar!/:na]
	at com.luohuo.flex.ws.websocket.nacos.NacosSessionRegistry.updateNodeMetrics(NacosSessionRegistry.java:210) ~[luohuo-ws-biz-3.0.6.jar!/:3.0.6]
	at java.base/jdk.internal.reflect.DirectMethodHandleAccessor.invoke(DirectMethodHandleAccessor.java:103) ~[na:na]
	at java.base/java.lang.reflect.Method.invoke(Method.java:580) ~[na:na]
	at org.springframework.scheduling.support.ScheduledMethodRunnable.runInternal(ScheduledMethodRunnable.java:130) ~[spring-context-6.2.5.jar!/:6.2.5]
	at org.springframework.scheduling.support.ScheduledMethodRunnable.lambda$run$2(ScheduledMethodRunnable.java:124) ~[spring-context-6.2.5.jar!/:6.2.5]
	at io.micrometer.observation.Observation.observe(Observation.java:498) ~[micrometer-observation-1.14.3.jar!/:1.14.3]
	at org.springframework.scheduling.support.ScheduledMethodRunnable.run(ScheduledMethodRunnable.java:124) ~[spring-context-6.2.5.jar!/:6.2.5]
	at org.springframework.scheduling.config.Task$OutcomeTrackingRunnable.run(Task.java:85) ~[spring-context-6.2.5.jar!/:6.2.5]
	at org.springframework.scheduling.support.DelegatingErrorHandlingRunnable.run(DelegatingErrorHandlingRunnable.java:54) ~[spring-context-6.2.5.jar!/:6.2.5]
	at java.base/java.util.concurrent.Executors$RunnableAdapter.call(Executors.java:572) ~[na:na]
	at java.base/java.util.concurrent.FutureTask.runAndReset(FutureTask.java:358) ~[na:na]
	at java.base/java.util.concurrent.ScheduledThreadPoolExecutor$ScheduledFutureTask.run(ScheduledThreadPoolExecutor.java:305) ~[na:na]
	at java.base/java.util.concurrent.ThreadPoolExecutor.runWorker(ThreadPoolExecutor.java:1144) ~[na:na]
	at java.base/java.util.concurrent.ThreadPoolExecutor$Worker.run(ThreadPoolExecutor.java:642) ~[na:na]
	at java.base/java.lang.Thread.run(Thread.java:1583) ~[na:na]

[luohuo-ws-server:0000:] 2026-02-18 06:30:27.460[ INFO] 690 [] [main:1939] [com.alibaba.nacos.client.logging.NacosLogging.initLoggingAdapter:52] Nacos Logging Adapter Builder: com.alibaba.nacos.logger.adapter.logback12.LogbackNacosLoggingAdapterBuilder
[luohuo-ws-server:0000:] 2026-02-18 06:30:27.483[ INFO] 690 [] [main:1962] [com.alibaba.nacos.client.logging.NacosLogging.initLoggingAdapter:52] Nacos Logging Adapter Builder: com.alibaba.nacos.logger.adapter.logback14.LogbackNacosLoggingAdapterBuilder
[luohuo-ws-server:0000:] 2026-02-18 06:30:27.487[ INFO] 690 [] [main:1966] [com.alibaba.nacos.client.logging.NacosLogging.initLoggingAdapter:55] Nacos Logging Adapter: com.alibaba.nacos.logger.adapter.logback14.LogbackNacosLoggingAdapter match ch.qos.logback.classic.Logger success.
[luohuo-ws-server:0000:] 2026-02-18 06:30:27.510[ INFO] 690 [] [main:1989] [com.alibaba.nacos.client.logging.NacosLogging.initLoggingAdapter:52] Nacos Logging Adapter Builder: com.alibaba.nacos.logger.adapter.log4j2.Log4j2NacosLoggingAdapterBuilder
[luohuo-ws-server:0000:] 2026-02-18 06:30:28.729[ INFO] 690 [] [main:3208] [c.a.n.p.auth.spi.client.ClientAuthPluginManager.init:56] [ClientAuthPluginManager] Load ClientAuthService com.alibaba.nacos.client.auth.impl.NacosClientAuthServiceImpl success.
[luohuo-ws-server:0000:] 2026-02-18 06:30:28.730[ INFO] 690 [] [main:3209] [c.a.n.p.auth.spi.client.ClientAuthPluginManager.init:56] [ClientAuthPluginManager] Load ClientAuthService com.alibaba.nacos.client.auth.ram.RamClientAuthServiceImpl success.
[luohuo-ws-server:0000:] 2026-02-18 06:30:30.684[ INFO] 690 [] [main:5163] [c.a.n.common.ability.AbstractAbilityControlManager.initAbilityTable:61] Ready to get current node abilities...
[luohuo-ws-server:0000:] 2026-02-18 06:30:30.688[ INFO] 690 [] [main:5167] [c.a.n.common.ability.AbstractAbilityControlManager.initAbilityTable:89] Ready to initialize current node abilities, support modes: [SDK_CLIENT]
[luohuo-ws-server:0000:] 2026-02-18 06:30:30.690[ INFO] 690 [] [main:5169] [c.a.n.common.ability.AbstractAbilityControlManager.initAbilityTable:94] Initialize current abilities finish...
[luohuo-ws-server:0000:] 2026-02-18 06:30:30.691[ INFO] 690 [] [main:5170] [c.a.n.c.ability.discover.NacosAbilityManagerHolder.initAbilityControlManager:85] [AbilityControlManager] Successfully initialize AbilityControlManager
[luohuo-ws-server:0000:] 2026-02-18 06:30:31.013[ WARN] 690 [] [main:5492] [c.a.cloud.nacos.client.NacosPropertySourceBuilder.loadNacosData:97] Ignore the empty nacos configuration and get it based on dataId[luohuo-ws-server] & group[DEFAULT_GROUP]
[luohuo-ws-server:0000:] 2026-02-18 06:30:31.040[ WARN] 690 [] [main:5519] [c.a.cloud.nacos.client.NacosPropertySourceBuilder.loadNacosData:97] Ignore the empty nacos configuration and get it based on dataId[luohuo-ws-server-dev.yml] & group[DEFAULT_GROUP]
[luohuo-ws-server:0000:] 2026-02-18 06:30:31.042[ INFO] 690 [] [main:5521] [o.s.c.b.c.PropertySourceBootstrapConfiguration.doInitialize:134] Located property source: [BootstrapPropertySource {name='bootstrapProperties-luohuo-ws-server-dev.yml,DEFAULT_GROUP'}, BootstrapPropertySource {name='bootstrapProperties-luohuo-ws-server.yml,DEFAULT_GROUP'}, BootstrapPropertySource {name='bootstrapProperties-luohuo-ws-server,DEFAULT_GROUP'}, BootstrapPropertySource {name='bootstrapProperties-rocketmq.yml,DEFAULT_GROUP'}, BootstrapPropertySource {name='bootstrapProperties-redis.yml,DEFAULT_GROUP'}, BootstrapPropertySource {name='bootstrapProperties-common.yml,DEFAULT_GROUP'}]
[luohuo-ws-server:19778:] 2026-02-18 06:30:31.155[ INFO] 690 [] [main:5634] [com.luohuo.flex.WsServerApplication.logStartupProfileInfo:658] The following 1 profile is active: "dev"
[luohuo-ws-server:19778:] 2026-02-18 06:30:32.149[ INFO] 690 [] [main:6628] [o.s.b.factory.support.DefaultListableBeanFactory.logBeanDefinitionOverriding:1261] Overriding bean definition for bean 'nacosServiceManager' with a different definition: replacing [Root bean: class=null; scope=; abstract=false; lazyInit=null; autowireMode=3; dependencyCheck=0; autowireCandidate=true; primary=false; fallback=false; factoryBeanName=nacosConfig; factoryMethodName=nacosServiceManager; initMethodNames=null; destroyMethodNames=[(inferred)]; defined in class path resource [com/luohuo/flex/ws/config/NacosConfig.class]] with [Root bean: class=null; scope=; abstract=false; lazyInit=null; autowireMode=3; dependencyCheck=0; autowireCandidate=true; primary=false; fallback=false; factoryBeanName=com.alibaba.cloud.nacos.NacosServiceAutoConfiguration; factoryMethodName=nacosServiceManager; initMethodNames=null; destroyMethodNames=[(inferred)]; defined in class path resource [com/alibaba/cloud/nacos/NacosServiceAutoConfiguration.class]]
[luohuo-ws-server:19778:] 2026-02-18 06:30:32.323[ INFO] 690 [] [main:6802] [o.s.d.r.config.RepositoryConfigurationDelegate.multipleStoresDetected:295] Multiple Spring Data modules found, entering strict repository configuration mode
[luohuo-ws-server:19778:] 2026-02-18 06:30:32.327[ INFO] 690 [] [main:6806] [o.s.d.r.config.RepositoryConfigurationDelegate.registerRepositoriesIn:143] Bootstrapping Spring Data Redis repositories in DEFAULT mode.
[luohuo-ws-server:19778:] 2026-02-18 06:30:32.395[ INFO] 690 [] [main:6874] [o.s.d.r.config.RepositoryConfigurationDelegate.registerRepositoriesIn:211] Finished Spring Data repository scanning in 44 ms. Found 0 Redis repository interfaces.
[luohuo-ws-server:19778:] 2026-02-18 06:30:32.837[ INFO] 690 [] [main:7316] [o.springframework.cloud.context.scope.GenericScope.setSerializationId:282] BeanFactory id=c7f2b166-c011-3746-af86-70251d380831
[luohuo-ws-server:19778:] 2026-02-18 06:30:34.065[ WARN] 690 [] [main:8544] [o.s.c.s.PostProcessorRegistrationDelegate$BeanPostProcessorChecker.postProcessAfterInitialization:429] Bean 'reactiveHeaderContextFilter' of type [com.luohuo.flex.ws.config.ReactiveHeaderContextFilter] is not eligible for getting processed by all BeanPostProcessors (for example: not eligible for auto-proxying). The currently created BeanPostProcessor [tenantRocketMQInitializer] is declared through a non-static factory method on that class; consider declaring it as static instead.
[luohuo-ws-server:19778:] 2026-02-18 06:30:34.088[ WARN] 690 [] [main:8567] [o.s.c.s.PostProcessorRegistrationDelegate$BeanPostProcessorChecker.postProcessAfterInitialization:437] Bean 'org.apache.rocketmq.spring.autoconfigure.ListenerContainerConfiguration' of type [org.apache.rocketmq.spring.autoconfigure.ListenerContainerConfiguration$$SpringCGLIB$$0] is not eligible for getting processed by all BeanPostProcessors (for example: not eligible for auto-proxying). Is this bean getting eagerly injected/applied to a currently created BeanPostProcessor [org.apache.rocketmq.spring.annotation.RocketMQMessageListenerBeanPostProcessor]? Check the corresponding BeanPostProcessor declaration and its dependencies/advisors. If this bean does not have to be post-processed, declare it with ROLE_INFRASTRUCTURE.
[luohuo-ws-server:19778:] 2026-02-18 06:30:34.097[ WARN] 690 [] [main:8576] [o.s.c.s.PostProcessorRegistrationDelegate$BeanPostProcessorChecker.postProcessAfterInitialization:437] Bean 'org.apache.rocketmq.spring.autoconfigure.MessageConverterConfiguration' of type [org.apache.rocketmq.spring.autoconfigure.MessageConverterConfiguration$$SpringCGLIB$$0] is not eligible for getting processed by all BeanPostProcessors (for example: not eligible for auto-proxying). Is this bean getting eagerly injected/applied to a currently created BeanPostProcessor [org.apache.rocketmq.spring.annotation.RocketMQMessageListenerBeanPostProcessor]? Check the corresponding BeanPostProcessor declaration and its dependencies/advisors. If this bean does not have to be post-processed, declare it with ROLE_INFRASTRUCTURE.
[luohuo-ws-server:19778:] 2026-02-18 06:30:34.248[ WARN] 690 [] [main:8727] [o.s.c.s.PostProcessorRegistrationDelegate$BeanPostProcessorChecker.postProcessAfterInitialization:437] Bean 'createRocketMQMessageConverter' of type [org.apache.rocketmq.spring.support.RocketMQMessageConverter] is not eligible for getting processed by all BeanPostProcessors (for example: not eligible for auto-proxying). Is this bean getting eagerly injected/applied to a currently created BeanPostProcessor [org.apache.rocketmq.spring.annotation.RocketMQMessageListenerBeanPostProcessor]? Check the corresponding BeanPostProcessor declaration and its dependencies/advisors. If this bean does not have to be post-processed, declare it with ROLE_INFRASTRUCTURE.
[luohuo-ws-server:19778:] 2026-02-18 06:30:34.256[ WARN] 690 [] [main:8735] [o.s.c.s.PostProcessorRegistrationDelegate$BeanPostProcessorChecker.postProcessAfterInitialization:437] Bean 'org.springframework.cloud.commons.config.CommonsConfigAutoConfiguration' of type [org.springframework.cloud.commons.config.CommonsConfigAutoConfiguration] is not eligible for getting processed by all BeanPostProcessors (for example: not eligible for auto-proxying). Is this bean getting eagerly injected/applied to a currently created BeanPostProcessor [org.apache.rocketmq.spring.annotation.RocketMQMessageListenerBeanPostProcessor]? Check the corresponding BeanPostProcessor declaration and its dependencies/advisors. If this bean does not have to be post-processed, declare it with ROLE_INFRASTRUCTURE.
[luohuo-ws-server:19778:] 2026-02-18 06:30:34.261[ WARN] 690 [] [main:8740] [o.s.c.s.PostProcessorRegistrationDelegate$BeanPostProcessorChecker.postProcessAfterInitialization:437] Bean 'org.springframework.cloud.client.loadbalancer.LoadBalancerDefaultMappingsProviderAutoConfiguration' of type [org.springframework.cloud.client.loadbalancer.LoadBalancerDefaultMappingsProviderAutoConfiguration] is not eligible for getting processed by all BeanPostProcessors (for example: not eligible for auto-proxying). Is this bean getting eagerly injected/applied to a currently created BeanPostProcessor [org.apache.rocketmq.spring.annotation.RocketMQMessageListenerBeanPostProcessor]? Check the corresponding BeanPostProcessor declaration and its dependencies/advisors. If this bean does not have to be post-processed, declare it with ROLE_INFRASTRUCTURE.
[luohuo-ws-server:19778:] 2026-02-18 06:30:34.264[ WARN] 690 [] [main:8743] [o.s.c.s.PostProcessorRegistrationDelegate$BeanPostProcessorChecker.postProcessAfterInitialization:437] Bean 'loadBalancerClientsDefaultsMappingsProvider' of type [org.springframework.cloud.client.loadbalancer.LoadBalancerDefaultMappingsProviderAutoConfiguration$$Lambda/0x00007758976fc8a0] is not eligible for getting processed by all BeanPostProcessors (for example: not eligible for auto-proxying). Is this bean getting eagerly injected/applied to a currently created BeanPostProcessor [org.apache.rocketmq.spring.annotation.RocketMQMessageListenerBeanPostProcessor]? Check the corresponding BeanPostProcessor declaration and its dependencies/advisors. If this bean does not have to be post-processed, declare it with ROLE_INFRASTRUCTURE.
[luohuo-ws-server:19778:] 2026-02-18 06:30:34.275[ WARN] 690 [] [main:8754] [o.s.c.s.PostProcessorRegistrationDelegate$BeanPostProcessorChecker.postProcessAfterInitialization:437] Bean 'defaultsBindHandlerAdvisor' of type [org.springframework.cloud.commons.config.DefaultsBindHandlerAdvisor] is not eligible for getting processed by all BeanPostProcessors (for example: not eligible for auto-proxying). Is this bean getting eagerly injected/applied to a currently created BeanPostProcessor [org.apache.rocketmq.spring.annotation.RocketMQMessageListenerBeanPostProcessor]? Check the corresponding BeanPostProcessor declaration and its dependencies/advisors. If this bean does not have to be post-processed, declare it with ROLE_INFRASTRUCTURE.
[luohuo-ws-server:19778:] 2026-02-18 06:30:34.296[ WARN] 690 [] [main:8775] [o.s.c.s.PostProcessorRegistrationDelegate$BeanPostProcessorChecker.postProcessAfterInitialization:437] Bean 'rocketmq-org.apache.rocketmq.spring.autoconfigure.RocketMQProperties' of type [org.apache.rocketmq.spring.autoconfigure.RocketMQProperties] is not eligible for getting processed by all BeanPostProcessors (for example: not eligible for auto-proxying). Is this bean getting eagerly injected/applied to a currently created BeanPostProcessor [org.apache.rocketmq.spring.annotation.RocketMQMessageListenerBeanPostProcessor]? Check the corresponding BeanPostProcessor declaration and its dependencies/advisors. If this bean does not have to be post-processed, declare it with ROLE_INFRASTRUCTURE.
[luohuo-ws-server:19778:] 2026-02-18 06:30:34.306[ WARN] 690 [] [main:8785] [o.s.c.s.PostProcessorRegistrationDelegate$BeanPostProcessorChecker.postProcessAfterInitialization:437] Bean 'rocketMQMessageListenerContainerRegistrar' of type [org.apache.rocketmq.spring.support.RocketMQMessageListenerContainerRegistrar] is not eligible for getting processed by all BeanPostProcessors (for example: not eligible for auto-proxying). Is this bean getting eagerly injected/applied to a currently created BeanPostProcessor [org.apache.rocketmq.spring.annotation.RocketMQMessageListenerBeanPostProcessor]? Check the corresponding BeanPostProcessor declaration and its dependencies/advisors. If this bean does not have to be post-processed, declare it with ROLE_INFRASTRUCTURE.
[luohuo-ws-server:19778:] 2026-02-18 06:30:34.731[ INFO] 690 [] [main:9210] [o.a.r.s.autoconfigure.RocketMQAutoConfiguration.defaultMQProducer:122] a producer (chatGroup) init on namesrv 172.26.128.42:9876
[luohuo-ws-server:19778:] 2026-02-18 06:30:35.382[ INFO] 690 [] [main:9861] [org.redisson.Version.logVersion:43] Redisson 3.50.0
[luohuo-ws-server:19778:] 2026-02-18 06:30:36.806[ INFO] 690 [] [redisson-netty-2-8:11285] [org.redisson.connection.ConnectionsHolder.lambda$initConnections$1:132] 1 connections initialized for 10.38.11.101/10.38.11.101:30225
[luohuo-ws-server:19778:] 2026-02-18 06:30:44.376[ INFO] 690 [] [redisson-netty-2-19:18855] [org.redisson.connection.ConnectionsHolder.lambda$initConnections$1:132] 24 connections initialized for 10.38.11.101/10.38.11.101:30225
[luohuo-ws-server:19778:] 2026-02-18 06:30:44.993[ INFO] 690 [] [main:19472] [c.a.n.p.auth.spi.client.ClientAuthPluginManager.init:56] [ClientAuthPluginManager] Load ClientAuthService com.alibaba.nacos.client.auth.impl.NacosClientAuthServiceImpl success.
[luohuo-ws-server:19778:] 2026-02-18 06:30:44.994[ INFO] 690 [] [main:19473] [c.a.n.p.auth.spi.client.ClientAuthPluginManager.init:56] [ClientAuthPluginManager] Load ClientAuthService com.alibaba.nacos.client.auth.ram.RamClientAuthServiceImpl success.
[luohuo-ws-server:19778:] 2026-02-18 06:30:45.206[ INFO] 690 [] [main:19685] [c.l.flex.ws.websocket.nacos.NacosSessionRegistry.<init>:82] 节点IP: 192.168.1.37
[luohuo-ws-server:19778:] 2026-02-18 06:30:45.260[ INFO] 690 [] [main:19739] [c.l.flex.ws.websocket.nacos.NacosSessionRegistry.registerNodeInstance:123] 节点注册成功: ws51d42a
[luohuo-ws-server:19778:] 2026-02-18 06:30:46.265[ INFO] 690 [] [main:20744] [o.a.r.s.support.DefaultRocketMQListenerContainer.start:349] running container: DefaultRocketMQListenerContainer{consumerGroup='ai_node_request_topic_group', namespace='', nameServer='172.26.128.42:9876', topic='ai_node_request_topic', consumeMode=CONCURRENTLY, selectorType=TAG, selectorExpression='*', messageModel=CLUSTERING', tlsEnable=false, instanceName=DEFAULT}
[luohuo-ws-server:19778:] 2026-02-18 06:30:46.266[ INFO] 690 [] [main:20745] [o.a.r.s.s.RocketMQMessageListenerContainerRegistrar.registerContainer:109] Register the listener to container, listenerBeanName:aiNodeRequestConsumer, containerBeanName:org.apache.rocketmq.spring.support.DefaultRocketMQListenerContainer_1
[luohuo-ws-server:19778:] 2026-02-18 06:30:46.905[ INFO] 690 [] [main:21384] [o.a.r.s.support.DefaultRocketMQListenerContainer.start:349] running container: DefaultRocketMQListenerContainer{consumerGroup='user_login_send_msg_group', namespace='', nameServer='172.26.128.42:9876', topic='user_login_send_msg', consumeMode=CONCURRENTLY, selectorType=TAG, selectorExpression='*', messageModel=BROADCASTING', tlsEnable=false, instanceName=DEFAULT}
[luohuo-ws-server:19778:] 2026-02-18 06:30:46.905[ INFO] 690 [] [main:21384] [o.a.r.s.s.RocketMQMessageListenerContainerRegistrar.registerContainer:109] Register the listener to container, listenerBeanName:msgLoginConsumer, containerBeanName:org.apache.rocketmq.spring.support.DefaultRocketMQListenerContainer_2
[luohuo-ws-server:19778:] 2026-02-18 06:30:47.575[ INFO] 690 [] [main:22054] [o.a.r.s.support.DefaultRocketMQListenerContainer.start:349] running container: DefaultRocketMQListenerContainer{consumerGroup='websocket_push_groupws51d42a', namespace='', nameServer='172.26.128.42:9876', topic='websocket_pushws51d42a', consumeMode=CONCURRENTLY, selectorType=TAG, selectorExpression='*', messageModel=CLUSTERING', tlsEnable=false, instanceName=DEFAULT}
[luohuo-ws-server:19778:] 2026-02-18 06:30:47.576[ INFO] 690 [] [main:22055] [o.a.r.s.s.RocketMQMessageListenerContainerRegistrar.registerContainer:109] Register the listener to container, listenerBeanName:pushConsumer, containerBeanName:org.apache.rocketmq.spring.support.DefaultRocketMQListenerContainer_3
[luohuo-ws-server:19778:] 2026-02-18 06:30:47.971[ INFO] 690 [] [main:22450] [o.a.r.s.support.DefaultRocketMQListenerContainer.start:349] running container: DefaultRocketMQListenerContainer{consumerGroup='user_scan_send_msg_group', namespace='', nameServer='172.26.128.42:9876', topic='user_scan_send_msg', consumeMode=CONCURRENTLY, selectorType=TAG, selectorExpression='*', messageModel=BROADCASTING', tlsEnable=false, instanceName=DEFAULT}
[luohuo-ws-server:19778:] 2026-02-18 06:30:47.971[ INFO] 690 [] [main:22450] [o.a.r.s.s.RocketMQMessageListenerContainerRegistrar.registerContainer:109] Register the listener to container, listenerBeanName:scanSuccessConsumer, containerBeanName:org.apache.rocketmq.spring.support.DefaultRocketMQListenerContainer_4
[luohuo-ws-server:19778:] 2026-02-18 06:30:48.510[ INFO] 690 [] [main:22989] [o.a.r.s.support.DefaultRocketMQListenerContainer.start:349] running container: DefaultRocketMQListenerContainer{consumerGroup='websocket_push_group', namespace='', nameServer='172.26.128.42:9876', topic='websocket_push', consumeMode=CONCURRENTLY, selectorType=TAG, selectorExpression='*', messageModel=CLUSTERING', tlsEnable=false, instanceName=DEFAULT}
[luohuo-ws-server:19778:] 2026-02-18 06:30:48.511[ INFO] 690 [] [main:22990] [o.a.r.s.s.RocketMQMessageListenerContainerRegistrar.registerContainer:109] Register the listener to container, listenerBeanName:messageRouterService, containerBeanName:org.apache.rocketmq.spring.support.DefaultRocketMQListenerContainer_5
[luohuo-ws-server:19778:] 2026-02-18 06:30:48.546[ INFO] 690 [] [main:23025] [c.l.flex.common.config.CommonAutoConfiguration.init:43] 检查到配置文件中：luohuo.system.cachePrefix=luohuo
[luohuo-ws-server:19778:] 2026-02-18 06:30:48.557[ INFO] 690 [] [main:23036] [c.l.b.m.r.c.EarthRedisMQConsumerAutoConfiguration.lambda$redisMessageListenerContainer$0:57] [redisMessageListenerContainer][注册 Channel(ws-node-down) 对应的监听器(com.luohuo.flex.ws.websocket.nacos.listener.NodeDownMessageListener)]
[luohuo-ws-server:19778:] 2026-02-18 06:30:49.452[ WARN] 690 [] [main:23931] [com.luohuo.basic.cache.RedisAutoConfigure.cacheOps:118] 检查到缓存采用了 Redis模式
[luohuo-ws-server:19778:] 2026-02-18 06:30:49.966[ WARN] 690 [] [main:24445] [o.s.b.a.freemarker.FreeMarkerAutoConfiguration.checkTemplateLocationExists:66] Cannot find template location: [classpath:/templates/] (please add some templates, check your FreeMarker configuration, or set spring.freemarker.check-template-location=false)
[luohuo-ws-server:19778:] 2026-02-18 06:30:50.453[ INFO] 690 [] [main:24932] [o.s.boot.web.embedded.netty.NettyWebServer.start:126] Netty started on port 19778 (http)
[luohuo-ws-server:19778:] 2026-02-18 06:30:50.465[ INFO] 690 [] [main:24944] [c.a.cloud.nacos.registry.NacosServiceRegistry.register:76] nacos registry, DEFAULT_GROUP luohuo-ws-server 192.168.1.37:19778 register finished
[luohuo-ws-server:19778:] 2026-02-18 06:30:50.621[ INFO] 690 [] [main:25100] [com.luohuo.flex.WsServerApplication.logStarted:59] Started WsServerApplication in 24.658 seconds (process running for 25.738)
[luohuo-ws-server:19778:] 2026-02-18 06:30:50.642[ INFO] 690 [] [main:25121] [c.a.cloud.nacos.refresh.NacosContextRefresher.registerNacosListener:140] [Nacos Config] Listening config: dataId=luohuo-ws-server.yml, group=DEFAULT_GROUP
[luohuo-ws-server:19778:] 2026-02-18 06:30:50.643[ INFO] 690 [] [main:25122] [c.a.cloud.nacos.refresh.NacosContextRefresher.registerNacosListener:140] [Nacos Config] Listening config: dataId=rocketmq.yml, group=DEFAULT_GROUP
[luohuo-ws-server:19778:] 2026-02-18 06:30:50.644[ INFO] 690 [] [main:25123] [c.a.cloud.nacos.refresh.NacosContextRefresher.registerNacosListener:140] [Nacos Config] Listening config: dataId=luohuo-ws-server, group=DEFAULT_GROUP
[luohuo-ws-server:19778:] 2026-02-18 06:30:50.646[ INFO] 690 [] [main:25125] [c.a.cloud.nacos.refresh.NacosContextRefresher.registerNacosListener:140] [Nacos Config] Listening config: dataId=common.yml, group=DEFAULT_GROUP
[luohuo-ws-server:19778:] 2026-02-18 06:30:50.647[ INFO] 690 [] [main:25126] [c.a.cloud.nacos.refresh.NacosContextRefresher.registerNacosListener:140] [Nacos Config] Listening config: dataId=luohuo-ws-server-dev.yml, group=DEFAULT_GROUP
[luohuo-ws-server:19778:] 2026-02-18 06:30:50.650[ INFO] 690 [] [main:25129] [com.luohuo.flex.WsServerApplication.main:45] 
----------------------------------------------------------
应用 'luohuo-ws-server' 启动成功， JDK版本号：21.0.7 ！
knife4j文档（支持gateway服务聚合文档）: http://172.18.0.4:19778/doc.html
swagger原始文档（不支持gateway服务聚合文档）：http://172.18.0.4:19778/swagger-ui.html
数据库监控（可用于排查数据源是否链接成功）:   http://127.0.0.1:19778/druid
当前环境变量：dev 日志路径：./logs
----------------------------------------------------------

[luohuo-ws-server:19778:] 2026-02-18 06:32:41.212[ INFO] 690 [] [reactor-http-epoll-2:135691] [c.l.flex.ws.config.ReactiveHeaderContextFilter.filter:37] ReactiveHeaderContextFilter url=/actuator/health, method=GET
[luohuo-ws-server:19778:] 2026-02-18 06:33:35.405[ INFO] 690 [] [reactor-http-epoll-3:189884] [c.l.flex.ws.config.ReactiveHeaderContextFilter.filter:37] ReactiveHeaderContextFilter url=/actuator/health, method=GET
[luohuo-ws-server:19778:] 2026-02-18 06:34:31.192[ INFO] 690 [] [reactor-http-epoll-4:245671] [c.l.flex.ws.config.ReactiveHeaderContextFilter.filter:37] ReactiveHeaderContextFilter url=/actuator/health, method=GET
[luohuo-ws-server:19778:] 2026-02-18 06:34:55.807[ INFO] 690 [] [reactor-http-epoll-5:270286] [c.l.flex.ws.config.ReactiveHeaderContextFilter.filter:37] ReactiveHeaderContextFilter url=/actuator/health, method=GET
[luohuo-ws-server:19778:] 2026-02-18 06:34:57.430[ INFO] 690 [] [reactor-http-epoll-6:271909] [c.l.flex.ws.config.ReactiveHeaderContextFilter.filter:37] ReactiveHeaderContextFilter url=/actuator/health, method=GET
